2026-09-29 18:33:10 node=holy7c04111.rc.fas.harvard.edu cpus=4
pulling docker://osrf/ros@sha256:fb07245b32187d74350be25323d8ad2f8ca5c25c325759911a1eff2267a49c1e (temp files in /scratch/mvanschalkwijk/teleavatar_setup_49310022)
INFO:    Converting OCI blobs to SIF format
INFO:    Starting build...
INFO:    Fetching OCI image...
INFO:    Extracting OCI image...
2026/09/29 18:33:50  warn rootless{usr/lib/x86_64-linux-gnu/gstreamer1.0/gstreamer-1.0/gst-ptp-helper} ignoring (usually) harmless EPERM on setxattr "security.capability"
INFO:    Inserting Singularity configuration...
INFO:    Creating SIF file...
-rwxr-xr-x. 1 mvanschalkwijk hankyang_lab 1035624448 Sep 29 18:36 /n/holylabs/LABS/hankyang_lab/Lab/mvanschalkwijk/containers/ros2-humble-desktop_2026-09-10.sif
Using CPython 3.10.12 interpreter at: /usr/bin/python3
Creating virtual environment at: /n/holylabs/LABS/hankyang_lab/Lab/mvanschalkwijk/envs/teleavatar_ros2
Activate with: source /n/holylabs/LABS/hankyang_lab/Lab/mvanschalkwijk/envs/teleavatar_ros2/bin/activate
Using Python 3.10.12 environment at: /n/holylabs/LABS/hankyang_lab/Lab/mvanschalkwijk/envs/teleavatar_ros2
Resolved 15 packages in 1.44s
Downloading pillow (6.6MiB)
Downloading pyopengl (3.0MiB)
Downloading numpy (17.4MiB)
Downloading mujoco (27.2MiB)
 Downloaded pillow
 Downloaded pyopengl
 Downloaded numpy
 Downloaded mujoco
Prepared 9 packages in 25.55s
Installed 15 packages in 7.53s
 + absl-py==2.5.0
 + etils==1.13.0
 + fsspec==2026.9.0
 + glfw==2.10.2
 + imageio==2.38.0
 + imageio-ffmpeg==0.6.0
 + importlib-resources==7.1.0
 + mujoco==3.14.0
 + numpy==1.26.4
 + pillow==12.3.0
 + psutil==7.2.2
 + pyopengl==3.1.10
 + typing-extensions==4.16.0
 + websockets==16.1.1
 + zipp==4.1.0
Using Python 3.10.12 environment at: /n/holylabs/LABS/hankyang_lab/Lab/mvanschalkwijk/envs/teleavatar_ros2
/opt/ros/humble/setup.bash: line 8: AMENT_TRACE_SETUP_FILES: unbound variable
