[INFO] [1790721607.742037155] [teleavatar_mujoco_sim]: MuJoCo dual-arm simulator ready: /n/home00/mvanschalkwijk/TeleAvatar2.0/mujoco/scene.xml; state=PAUSE
[INFO] [1790721607.768355335] [teleavatar_mujoco_sim]: FSM PAUSE -> SLOW_START
[INFO] [1790721608.017711547] [teleavatar_mujoco_sim]: FSM SLOW_START -> READY
[INFO] [1790721614.280668161] [teleavatar_mujoco_sim]: FSM READY -> PAUSE
Traceback (most recent call last):
  File "/n/home00/mvanschalkwijk/TeleAvatar2.0/mujoco/ros2_sim_node.py", line 282, in <module>
    main()
  File "/n/home00/mvanschalkwijk/TeleAvatar2.0/mujoco/ros2_sim_node.py", line 267, in main
    rclpy.spin_once(node, timeout_sec=0.05)
  File "/opt/ros/humble/local/lib/python3.10/dist-packages/rclpy/__init__.py", line 208, in spin_once
    executor.spin_once(timeout_sec=timeout_sec)
  File "/opt/ros/humble/local/lib/python3.10/dist-packages/rclpy/executors.py", line 808, in spin_once
    self._spin_once_impl(timeout_sec)
  File "/opt/ros/humble/local/lib/python3.10/dist-packages/rclpy/executors.py", line 797, in _spin_once_impl
    handler, entity, node = self.wait_for_ready_callbacks(timeout_sec=timeout_sec)
  File "/opt/ros/humble/local/lib/python3.10/dist-packages/rclpy/executors.py", line 780, in wait_for_ready_callbacks
    return next(self._cb_iter)
  File "/opt/ros/humble/local/lib/python3.10/dist-packages/rclpy/executors.py", line 681, in _wait_for_ready_callbacks
    raise ExternalShutdownException()
rclpy.executors.ExternalShutdownException
